<?xml version="1.0"?>
<link_info>
   <banner>TI ARM Linker PC v5.0.4</banner>
   <copyright>Copyright (c) 1996-2013 Texas Instruments Incorporated</copyright>
   <link_time>0x5c94b30d</link_time>
   <output_file>ARM_HW1.out</output_file>
   <entry_point>
      <name>_c_int00</name>
      <address>0x1531</address>
   </entry_point>
   <input_file_list>
      <input_file id="fl-2">
         <path>.\drivers\</path>
         <kind>object</kind>
         <file>cfal96x64x16.obj</file>
         <name>cfal96x64x16.obj</name>
      </input_file>
      <input_file id="fl-3">
         <path>.\utils\</path>
         <kind>object</kind>
         <file>uartstdio.obj</file>
         <name>uartstdio.obj</name>
      </input_file>
      <input_file id="fl-4">
         <path>.\</path>
         <kind>object</kind>
         <file>switch.obj</file>
         <name>switch.obj</name>
      </input_file>
      <input_file id="fl-5">
         <path>.\</path>
         <kind>object</kind>
         <file>startup_ccs.obj</file>
         <name>startup_ccs.obj</name>
      </input_file>
      <input_file id="fl-6">
         <path>.\</path>
         <kind>object</kind>
         <file>hello.obj</file>
         <name>hello.obj</name>
      </input_file>
      <input_file id="fl-135">
         <path>C:\ti\ccsv5\tools\compiler\arm_5.0.4\lib\</path>
         <kind>archive</kind>
         <file>rtsv7M4_T_le_v4SPD16_eabi.lib</file>
         <name>boot.obj</name>
      </input_file>
      <input_file id="fl-136">
         <path>C:\ti\ccsv5\tools\compiler\arm_5.0.4\lib\</path>
         <kind>archive</kind>
         <file>rtsv7M4_T_le_v4SPD16_eabi.lib</file>
         <name>copy_decompress_none.obj</name>
      </input_file>
      <input_file id="fl-137">
         <path>C:\ti\ccsv5\tools\compiler\arm_5.0.4\lib\</path>
         <kind>archive</kind>
         <file>rtsv7M4_T_le_v4SPD16_eabi.lib</file>
         <name>copy_decompress_rle.obj</name>
      </input_file>
      <input_file id="fl-138">
         <path>C:\ti\ccsv5\tools\compiler\arm_5.0.4\lib\</path>
         <kind>archive</kind>
         <file>rtsv7M4_T_le_v4SPD16_eabi.lib</file>
         <name>copy_zero_init.obj</name>
      </input_file>
      <input_file id="fl-139">
         <path>C:\ti\ccsv5\tools\compiler\arm_5.0.4\lib\</path>
         <kind>archive</kind>
         <file>rtsv7M4_T_le_v4SPD16_eabi.lib</file>
         <name>exit.obj</name>
      </input_file>
      <input_file id="fl-13a">
         <path>C:\ti\ccsv5\tools\compiler\arm_5.0.4\lib\</path>
         <kind>archive</kind>
         <file>rtsv7M4_T_le_v4SPD16_eabi.lib</file>
         <name>memcpy_t2.obj</name>
      </input_file>
      <input_file id="fl-13b">
         <path>C:\ti\ccsv5\tools\compiler\arm_5.0.4\lib\</path>
         <kind>archive</kind>
         <file>rtsv7M4_T_le_v4SPD16_eabi.lib</file>
         <name>stkdepth_vars.obj</name>
      </input_file>
      <input_file id="fl-13c">
         <path>C:\ti\ccsv5\tools\compiler\arm_5.0.4\lib\</path>
         <kind>archive</kind>
         <file>rtsv7M4_T_le_v4SPD16_eabi.lib</file>
         <name>u_divt2.obj</name>
      </input_file>
      <input_file id="fl-13d">
         <path>C:\ti\ccsv5\tools\compiler\arm_5.0.4\lib\</path>
         <kind>archive</kind>
         <file>rtsv7M4_T_le_v4SPD16_eabi.lib</file>
         <name>_lock.obj</name>
      </input_file>
      <input_file id="fl-13e">
         <path>C:\ti\ccsv5\tools\compiler\arm_5.0.4\lib\</path>
         <kind>archive</kind>
         <file>rtsv7M4_T_le_v4SPD16_eabi.lib</file>
         <name>args_main.obj</name>
      </input_file>
      <input_file id="fl-13f">
         <path>C:\ti\ccsv5\tools\compiler\arm_5.0.4\lib\</path>
         <kind>archive</kind>
         <file>rtsv7M4_T_le_v4SPD16_eabi.lib</file>
         <name>auto_init.obj</name>
      </input_file>
      <input_file id="fl-140">
         <path>C:\ti\ccsv5\tools\compiler\arm_5.0.4\lib\</path>
         <kind>archive</kind>
         <file>rtsv7M4_T_le_v4SPD16_eabi.lib</file>
         <name>cpy_tbl.obj</name>
      </input_file>
      <input_file id="fl-141">
         <path>C:\ti\TivaWare_C_Series-1.1\examples\boards\dk-tm4c123g\hello\ccs\..\..\..\..\..\driverlib\ccs\Debug\</path>
         <kind>archive</kind>
         <file>driverlib.lib</file>
         <name>uart.obj</name>
      </input_file>
      <input_file id="fl-142">
         <path>C:\ti\TivaWare_C_Series-1.1\examples\boards\dk-tm4c123g\hello\ccs\..\..\..\..\..\driverlib\ccs\Debug\</path>
         <kind>archive</kind>
         <file>driverlib.lib</file>
         <name>interrupt.obj</name>
      </input_file>
      <input_file id="fl-143">
         <path>C:\ti\TivaWare_C_Series-1.1\examples\boards\dk-tm4c123g\hello\ccs\..\..\..\..\..\driverlib\ccs\Debug\</path>
         <kind>archive</kind>
         <file>driverlib.lib</file>
         <name>cpu.obj</name>
      </input_file>
      <input_file id="fl-144">
         <path>C:\ti\TivaWare_C_Series-1.1\examples\boards\dk-tm4c123g\hello\ccs\..\..\..\..\..\grlib\ccs\Debug\</path>
         <kind>archive</kind>
         <file>grlib.lib</file>
         <name>fontcm12.obj</name>
      </input_file>
      <input_file id="fl-145">
         <path>C:\ti\TivaWare_C_Series-1.1\examples\boards\dk-tm4c123g\hello\ccs\..\..\..\..\..\grlib\ccs\Debug\</path>
         <kind>archive</kind>
         <file>grlib.lib</file>
         <name>string.obj</name>
      </input_file>
      <input_file id="fl-146">
         <path>C:\ti\TivaWare_C_Series-1.1\examples\boards\dk-tm4c123g\hello\ccs\..\..\..\..\..\grlib\ccs\Debug\</path>
         <kind>archive</kind>
         <file>grlib.lib</file>
         <name>rectangle.obj</name>
      </input_file>
      <input_file id="fl-147">
         <path>C:\ti\TivaWare_C_Series-1.1\examples\boards\dk-tm4c123g\hello\ccs\..\..\..\..\..\grlib\ccs\Debug\</path>
         <kind>archive</kind>
         <file>grlib.lib</file>
         <name>line.obj</name>
      </input_file>
      <input_file id="fl-148">
         <path>C:\ti\TivaWare_C_Series-1.1\examples\boards\dk-tm4c123g\hello\ccs\..\..\..\..\..\grlib\ccs\Debug\</path>
         <kind>archive</kind>
         <file>grlib.lib</file>
         <name>context.obj</name>
      </input_file>
      <input_file id="fl-149">
         <path>C:\ti\TivaWare_C_Series-1.1\examples\boards\dk-tm4c123g\hello\ccs\..\..\..\..\..\grlib\ccs\Debug\</path>
         <kind>archive</kind>
         <file>grlib.lib</file>
         <name>charmap.obj</name>
      </input_file>
   </input_file_list>
   <object_component_list>
      <object_component id="oc-e">
         <name>.intvecs</name>
         <load_address>0x0</load_address>
         <run_address>0x0</run_address>
         <size>0x26c</size>
         <input_file_ref idref="fl-5"/>
      </object_component>
      <object_component id="oc-24">
         <name>.text:main</name>
         <load_address>0x26c</load_address>
         <run_address>0x26c</run_address>
         <size>0x284</size>
         <input_file_ref idref="fl-6"/>
      </object_component>
      <object_component id="oc-1ac">
         <name>.text:GrFontGlyphRender</name>
         <load_address>0x4f0</load_address>
         <run_address>0x4f0</run_address>
         <size>0x266</size>
         <input_file_ref idref="fl-145"/>
      </object_component>
      <object_component id="oc-16e">
         <name>.text:CFAL96x64x16Flush</name>
         <load_address>0x756</load_address>
         <run_address>0x756</run_address>
         <size>0x2</size>
         <input_file_ref idref="fl-2"/>
      </object_component>
      <object_component id="oc-fc">
         <name>.text:UARTvprintf</name>
         <load_address>0x758</load_address>
         <run_address>0x758</run_address>
         <size>0x1ea</size>
         <input_file_ref idref="fl-3"/>
      </object_component>
      <object_component id="oc-34">
         <name>.text:FaultISR</name>
         <load_address>0x942</load_address>
         <run_address>0x942</run_address>
         <size>0x2</size>
         <input_file_ref idref="fl-5"/>
      </object_component>
      <object_component id="oc-20">
         <name>.text</name>
         <load_address>0x944</load_address>
         <run_address>0x944</run_address>
         <size>0x166</size>
         <input_file_ref idref="fl-4"/>
      </object_component>
      <object_component id="oc-39">
         <name>.text:IntDefaultHandler</name>
         <load_address>0xaaa</load_address>
         <run_address>0xaaa</run_address>
         <size>0x2</size>
         <input_file_ref idref="fl-5"/>
      </object_component>
      <object_component id="oc-76">
         <name>.text:CFAL96x64x16Init</name>
         <load_address>0xaac</load_address>
         <run_address>0xaac</run_address>
         <size>0x160</size>
         <input_file_ref idref="fl-2"/>
      </object_component>
      <object_component id="oc-15a">
         <name>.text:CFAL96x64x16PixelDrawMultiple</name>
         <load_address>0xc0c</load_address>
         <run_address>0xc0c</run_address>
         <size>0x13c</size>
         <input_file_ref idref="fl-2"/>
      </object_component>
      <object_component id="oc-11a">
         <name>.text:GrDefaultStringRenderer</name>
         <load_address>0xd48</load_address>
         <run_address>0xd48</run_address>
         <size>0xca</size>
         <input_file_ref idref="fl-145"/>
      </object_component>
      <object_component id="oc-50">
         <name>.text</name>
         <load_address>0xe12</load_address>
         <run_address>0xe12</run_address>
         <size>0x9c</size>
         <input_file_ref idref="fl-13a"/>
      </object_component>
      <object_component id="oc-2f">
         <name>.text:NmiSR</name>
         <load_address>0xeae</load_address>
         <run_address>0xeae</run_address>
         <size>0x2</size>
         <input_file_ref idref="fl-5"/>
      </object_component>
      <object_component id="oc-211">
         <name>.text:UARTgets</name>
         <load_address>0xeb0</load_address>
         <run_address>0xeb0</run_address>
         <size>0x98</size>
         <input_file_ref idref="fl-3"/>
      </object_component>
      <object_component id="oc-41">
         <name>.text</name>
         <load_address>0xf48</load_address>
         <run_address>0xf48</run_address>
         <size>0x94</size>
         <input_file_ref idref="fl-13f"/>
      </object_component>
      <object_component id="oc-164">
         <name>.text:CFAL96x64x16LineDrawV</name>
         <load_address>0xfdc</load_address>
         <run_address>0xfdc</run_address>
         <size>0x92</size>
         <input_file_ref idref="fl-2"/>
      </object_component>
      <object_component id="oc-8a">
         <name>.text:GrRectFill</name>
         <load_address>0x106e</load_address>
         <run_address>0x106e</run_address>
         <size>0x86</size>
         <input_file_ref idref="fl-146"/>
      </object_component>
      <object_component id="oc-15f">
         <name>.text:CFAL96x64x16LineDrawH</name>
         <load_address>0x10f4</load_address>
         <run_address>0x10f4</run_address>
         <size>0x6c</size>
         <input_file_ref idref="fl-2"/>
      </object_component>
      <object_component id="oc-8f">
         <name>.text:GrStringWidthGet</name>
         <load_address>0x1160</load_address>
         <run_address>0x1160</run_address>
         <size>0x6a</size>
         <input_file_ref idref="fl-145"/>
      </object_component>
      <object_component id="oc-85">
         <name>.text:GrRectDraw</name>
         <load_address>0x11ca</load_address>
         <run_address>0x11ca</run_address>
         <size>0x66</size>
         <input_file_ref idref="fl-146"/>
      </object_component>
      <object_component id="oc-7b">
         <name>.text:GrContextInit</name>
         <load_address>0x1230</load_address>
         <run_address>0x1230</run_address>
         <size>0x64</size>
         <input_file_ref idref="fl-148"/>
      </object_component>
      <object_component id="oc-60">
         <name>.text</name>
         <load_address>0x1294</load_address>
         <run_address>0x1294</run_address>
         <size>0x5e</size>
         <input_file_ref idref="fl-137"/>
      </object_component>
      <object_component id="oc-6c">
         <name>.text:ConfigureUART</name>
         <load_address>0x12f4</load_address>
         <run_address>0x12f4</run_address>
         <size>0x5c</size>
         <input_file_ref idref="fl-6"/>
      </object_component>
      <object_component id="oc-1d5">
         <name>.text:FontWideGlyphDataGet</name>
         <load_address>0x1350</load_address>
         <run_address>0x1350</run_address>
         <size>0x5c</size>
         <input_file_ref idref="fl-145"/>
      </object_component>
      <object_component id="oc-f6">
         <name>.text:UARTStdioConfig</name>
         <load_address>0x13ac</load_address>
         <run_address>0x13ac</run_address>
         <size>0x58</size>
         <input_file_ref idref="fl-3"/>
      </object_component>
      <object_component id="oc-108">
         <name>.text:CFAL96x64x16WriteCommand</name>
         <load_address>0x1404</load_address>
         <run_address>0x1404</run_address>
         <size>0x4c</size>
         <input_file_ref idref="fl-2"/>
      </object_component>
      <object_component id="oc-1e1">
         <name>.text:CFAL96x64x16WriteData</name>
         <load_address>0x1450</load_address>
         <run_address>0x1450</run_address>
         <size>0x4c</size>
         <input_file_ref idref="fl-2"/>
      </object_component>
      <object_component id="oc-125">
         <name>.text:UpdateContextCharMapping</name>
         <load_address>0x149c</load_address>
         <run_address>0x149c</run_address>
         <size>0x4a</size>
         <input_file_ref idref="fl-145"/>
      </object_component>
      <object_component id="oc-19c">
         <name>.text:UARTwrite</name>
         <load_address>0x14e8</load_address>
         <run_address>0x14e8</run_address>
         <size>0x48</size>
         <input_file_ref idref="fl-3"/>
      </object_component>
      <object_component id="oc-10">
         <name>.text</name>
         <load_address>0x1530</load_address>
         <run_address>0x1530</run_address>
         <size>0x48</size>
         <input_file_ref idref="fl-135"/>
      </object_component>
      <object_component id="oc-12c">
         <name>.text:GrLineDrawH</name>
         <load_address>0x1578</load_address>
         <run_address>0x1578</run_address>
         <size>0x46</size>
         <input_file_ref idref="fl-147"/>
      </object_component>
      <object_component id="oc-131">
         <name>.text:GrLineDrawV</name>
         <load_address>0x15be</load_address>
         <run_address>0x15be</run_address>
         <size>0x46</size>
         <input_file_ref idref="fl-147"/>
      </object_component>
      <object_component id="oc-c0">
         <name>.text</name>
         <load_address>0x1604</load_address>
         <run_address>0x1604</run_address>
         <size>0x44</size>
         <input_file_ref idref="fl-140"/>
      </object_component>
      <object_component id="oc-1a1">
         <name>.text</name>
         <load_address>0x1648</load_address>
         <run_address>0x1648</run_address>
         <size>0x42</size>
         <input_file_ref idref="fl-13c"/>
      </object_component>
      <object_component id="oc-49">
         <name>.text</name>
         <load_address>0x168c</load_address>
         <run_address>0x168c</run_address>
         <size>0x40</size>
         <input_file_ref idref="fl-139"/>
      </object_component>
      <object_component id="oc-1da">
         <name>.text:FontGlyphDataGet</name>
         <load_address>0x16cc</load_address>
         <run_address>0x16cc</run_address>
         <size>0x3a</size>
         <input_file_ref idref="fl-145"/>
      </object_component>
      <object_component id="oc-155">
         <name>.text:CFAL96x64x16PixelDraw</name>
         <load_address>0x1706</load_address>
         <run_address>0x1706</run_address>
         <size>0x32</size>
         <input_file_ref idref="fl-2"/>
      </object_component>
      <object_component id="oc-10d">
         <name>.text:CFAL96x64x16RectFill</name>
         <load_address>0x1738</load_address>
         <run_address>0x1738</run_address>
         <size>0x2a</size>
         <input_file_ref idref="fl-2"/>
      </object_component>
      <object_component id="oc-94">
         <name>.text:GrFontBaselineGet</name>
         <load_address>0x1762</load_address>
         <run_address>0x1762</run_address>
         <size>0x2a</size>
         <input_file_ref idref="fl-145"/>
      </object_component>
      <object_component id="oc-13e">
         <name>.text:GrStringNextCharGet</name>
         <load_address>0x178c</load_address>
         <run_address>0x178c</run_address>
         <size>0x2a</size>
         <input_file_ref idref="fl-145"/>
      </object_component>
      <object_component id="oc-148">
         <name>.text:GrFontInfoGet</name>
         <load_address>0x17b6</load_address>
         <run_address>0x17b6</run_address>
         <size>0x26</size>
         <input_file_ref idref="fl-145"/>
      </object_component>
      <object_component id="oc-143">
         <name>.text:GrFontGlyphDataGet</name>
         <load_address>0x17dc</load_address>
         <run_address>0x17dc</run_address>
         <size>0x22</size>
         <input_file_ref idref="fl-145"/>
      </object_component>
      <object_component id="oc-1c2">
         <name>.text:GrFontCodepageGet</name>
         <load_address>0x17fe</load_address>
         <run_address>0x17fe</run_address>
         <size>0x1e</size>
         <input_file_ref idref="fl-145"/>
      </object_component>
      <object_component id="oc-71">
         <name>.text:UARTprintf</name>
         <load_address>0x181c</load_address>
         <run_address>0x181c</run_address>
         <size>0x1a</size>
         <input_file_ref idref="fl-3"/>
      </object_component>
      <object_component id="oc-45">
         <name>.text</name>
         <load_address>0x1838</load_address>
         <run_address>0x1838</run_address>
         <size>0x18</size>
         <input_file_ref idref="fl-13e"/>
      </object_component>
      <object_component id="oc-169">
         <name>.text:CFAL96x64x16ColorTranslate</name>
         <load_address>0x1850</load_address>
         <run_address>0x1850</run_address>
         <size>0x16</size>
         <input_file_ref idref="fl-2"/>
      </object_component>
      <object_component id="oc-181">
         <name>.text</name>
         <load_address>0x1868</load_address>
         <run_address>0x1868</run_address>
         <size>0x14</size>
         <input_file_ref idref="fl-13d"/>
      </object_component>
      <object_component id="oc-99">
         <name>.text:GrStringDraw</name>
         <load_address>0x187c</load_address>
         <run_address>0x187c</run_address>
         <size>0x12</size>
         <input_file_ref idref="fl-145"/>
      </object_component>
      <object_component id="oc-18">
         <name>.text:decompress:ZI</name>
         <load_address>0x188e</load_address>
         <run_address>0x188e</run_address>
         <size>0x12</size>
         <input_file_ref idref="fl-138"/>
      </object_component>
      <object_component id="oc-14">
         <name>.text:decompress:none</name>
         <load_address>0x18a0</load_address>
         <run_address>0x18a0</run_address>
         <size>0xe</size>
         <input_file_ref idref="fl-136"/>
      </object_component>
      <object_component id="oc-1b7">
         <name>.text:GrMapISO8859_1_Unicode</name>
         <load_address>0x18ae</load_address>
         <run_address>0x18ae</run_address>
         <size>0x8</size>
         <input_file_ref idref="fl-149"/>
      </object_component>
      <object_component id="oc-80">
         <name>.text:GrContextFontSet</name>
         <load_address>0x18b6</load_address>
         <run_address>0x18b6</run_address>
         <size>0x6</size>
         <input_file_ref idref="fl-145"/>
      </object_component>
      <object_component id="oc-2a">
         <name>.text:ResetISR</name>
         <load_address>0x18bc</load_address>
         <run_address>0x18bc</run_address>
         <size>0x6</size>
         <input_file_ref idref="fl-5"/>
      </object_component>
      <object_component id="oc-f1">
         <name>.text:UARTClockSourceSet</name>
         <load_address>0x18c2</load_address>
         <run_address>0x18c2</run_address>
         <size>0x6</size>
         <input_file_ref idref="fl-141"/>
      </object_component>
      <object_component id="oc-1c">
         <name>.text:decompress:rle24</name>
         <load_address>0x18c8</load_address>
         <run_address>0x18c8</run_address>
         <size>0x6</size>
         <input_file_ref idref="fl-137"/>
      </object_component>
      <object_component id="oc-176">
         <name>.const:.string:g_pui8Cm12Data</name>
         <load_address>0x18d0</load_address>
         <run_address>0x18d0</run_address>
         <size>0x55f</size>
         <input_file_ref idref="fl-144"/>
      </object_component>
      <object_component id="oc-a0">
         <name>.const:g_sFontCm12</name>
         <load_address>0x1e30</load_address>
         <run_address>0x1e30</run_address>
         <size>0xc8</size>
         <input_file_ref idref="fl-144"/>
      </object_component>
      <object_component id="oc-9e">
         <name>.const:g_sCFAL96x64x16</name>
         <load_address>0x1ef8</load_address>
         <run_address>0x1ef8</run_address>
         <size>0x28</size>
         <input_file_ref idref="fl-2"/>
      </object_component>
      <object_component id="oc-196">
         <name>.const</name>
         <load_address>0x1f20</load_address>
         <run_address>0x1f20</run_address>
         <size>0x1c</size>
         <input_file_ref idref="fl-3"/>
      </object_component>
      <object_component id="oc-20a">
         <name>.const:.string</name>
         <load_address>0x1f3c</load_address>
         <run_address>0x1f3c</run_address>
         <size>0x12</size>
         <input_file_ref idref="fl-3"/>
      </object_component>
      <object_component id="oc-11f">
         <name>.const</name>
         <load_address>0x1f50</load_address>
         <run_address>0x1f50</run_address>
         <size>0x10</size>
         <input_file_ref idref="fl-148"/>
      </object_component>
      <object_component id="oc-a2">
         <name>.const:.string</name>
         <load_address>0x1f60</load_address>
         <run_address>0x1f60</run_address>
         <size>0x6</size>
         <input_file_ref idref="fl-6"/>
      </object_component>
      <object_component id="oc-23d">
         <name>.cinit..data.load</name>
         <load_address>0x1f68</load_address>
         <run_address>0x1f68</run_address>
         <size>0x23</size>
      </object_component>
      <object_component id="oc-23b">
         <name>__TI_handler_table</name>
         <load_address>0x1f8c</load_address>
         <run_address>0x1f8c</run_address>
         <size>0xc</size>
      </object_component>
      <object_component id="oc-23e">
         <name>.cinit..bss.load</name>
         <load_address>0x1f98</load_address>
         <run_address>0x1f98</run_address>
         <size>0x8</size>
      </object_component>
      <object_component id="oc-23c">
         <name>__TI_cinit_table</name>
         <load_address>0x1fa0</load_address>
         <run_address>0x1fa0</run_address>
         <size>0x10</size>
      </object_component>
      <object_component id="oc-4d">
         <name>.data</name>
         <load_address>0x2000022c</load_address>
         <run_address>0x2000022c</run_address>
         <size>0x4</size>
         <input_file_ref idref="fl-13b"/>
      </object_component>
      <object_component id="oc-cb">
         <name>.data</name>
         <load_address>0x20000214</load_address>
         <run_address>0x20000214</run_address>
         <size>0x8</size>
         <input_file_ref idref="fl-13d"/>
      </object_component>
      <object_component id="oc-cd">
         <name>.data</name>
         <load_address>0x2000021c</load_address>
         <run_address>0x2000021c</run_address>
         <size>0x8</size>
         <input_file_ref idref="fl-139"/>
      </object_component>
      <object_component id="oc-112">
         <name>.data</name>
         <load_address>0x20000200</load_address>
         <run_address>0x20000200</run_address>
         <size>0x13</size>
         <input_file_ref idref="fl-2"/>
      </object_component>
      <object_component id="oc-198">
         <name>.data</name>
         <load_address>0x20000224</load_address>
         <run_address>0x20000224</run_address>
         <size>0x5</size>
         <input_file_ref idref="fl-3"/>
      </object_component>
      <object_component id="oc-121">
         <name>.bss</name>
         <uninitialized>true</uninitialized>
         <run_address>0x20000230</run_address>
         <size>0x4</size>
         <input_file_ref idref="fl-148"/>
      </object_component>
      <object_component id="oc-29">
         <name>.stack</name>
         <uninitialized>true</uninitialized>
         <run_address>0x20000000</run_address>
         <size>0x0</size>
         <input_file_ref idref="fl-135"/>
      </object_component>
      <object_component id="oc-23f">
         <name>.stack</name>
         <uninitialized>true</uninitialized>
         <run_address>0x20000000</run_address>
         <size>0x0</size>
      </object_component>
      <object_component id="oc-f">
         <name>.debug_info</name>
         <load_address>0x0</load_address>
         <run_address>0x0</run_address>
         <size>0xd5</size>
         <input_file_ref idref="fl-5"/>
      </object_component>
      <object_component id="oc-11">
         <name>.debug_info</name>
         <load_address>0xd5</load_address>
         <run_address>0xd5</run_address>
         <size>0xf4</size>
         <input_file_ref idref="fl-135"/>
      </object_component>
      <object_component id="oc-15">
         <name>.debug_info</name>
         <load_address>0x1c9</load_address>
         <run_address>0x1c9</run_address>
         <size>0x159</size>
         <input_file_ref idref="fl-136"/>
      </object_component>
      <object_component id="oc-19">
         <name>.debug_info</name>
         <load_address>0x322</load_address>
         <run_address>0x322</run_address>
         <size>0x193</size>
         <input_file_ref idref="fl-138"/>
      </object_component>
      <object_component id="oc-1d">
         <name>.debug_info</name>
         <load_address>0x4b5</load_address>
         <run_address>0x4b5</run_address>
         <size>0x16a</size>
         <input_file_ref idref="fl-137"/>
      </object_component>
      <object_component id="oc-21">
         <name>.debug_info</name>
         <load_address>0x61f</load_address>
         <run_address>0x61f</run_address>
         <size>0xdd</size>
         <input_file_ref idref="fl-4"/>
      </object_component>
      <object_component id="oc-25">
         <name>.debug_info</name>
         <load_address>0x6fc</load_address>
         <run_address>0x6fc</run_address>
         <size>0x557</size>
         <input_file_ref idref="fl-6"/>
      </object_component>
      <object_component id="oc-2b">
         <name>.debug_info</name>
         <load_address>0xc53</load_address>
         <run_address>0xc53</run_address>
         <size>0x105</size>
         <input_file_ref idref="fl-5"/>
      </object_component>
      <object_component id="oc-30">
         <name>.debug_info</name>
         <load_address>0xd58</load_address>
         <run_address>0xd58</run_address>
         <size>0x163</size>
         <input_file_ref idref="fl-5"/>
      </object_component>
      <object_component id="oc-35">
         <name>.debug_info</name>
         <load_address>0xebb</load_address>
         <run_address>0xebb</run_address>
         <size>0x16b</size>
         <input_file_ref idref="fl-5"/>
      </object_component>
      <object_component id="oc-3a">
         <name>.debug_info</name>
         <load_address>0x1026</load_address>
         <run_address>0x1026</run_address>
         <size>0x17d</size>
         <input_file_ref idref="fl-5"/>
      </object_component>
      <object_component id="oc-40">
         <name>.debug_info</name>
         <load_address>0x11a3</load_address>
         <run_address>0x11a3</run_address>
         <size>0xf0</size>
         <input_file_ref idref="fl-5"/>
      </object_component>
      <object_component id="oc-42">
         <name>.debug_info</name>
         <load_address>0x1293</load_address>
         <run_address>0x1293</run_address>
         <size>0x13f</size>
         <input_file_ref idref="fl-13f"/>
      </object_component>
      <object_component id="oc-46">
         <name>.debug_info</name>
         <load_address>0x13d2</load_address>
         <run_address>0x13d2</run_address>
         <size>0xfe</size>
         <input_file_ref idref="fl-13e"/>
      </object_component>
      <object_component id="oc-4a">
         <name>.debug_info</name>
         <load_address>0x14d0</load_address>
         <run_address>0x14d0</run_address>
         <size>0x205</size>
         <input_file_ref idref="fl-139"/>
      </object_component>
      <object_component id="oc-4e">
         <name>.debug_info</name>
         <load_address>0x16d5</load_address>
         <run_address>0x16d5</run_address>
         <size>0xbe</size>
         <input_file_ref idref="fl-13b"/>
      </object_component>
      <object_component id="oc-51">
         <name>.debug_info</name>
         <load_address>0x1793</load_address>
         <run_address>0x1793</run_address>
         <size>0xcd</size>
         <input_file_ref idref="fl-13a"/>
      </object_component>
      <object_component id="oc-55">
         <name>.debug_info</name>
         <load_address>0x1860</load_address>
         <run_address>0x1860</run_address>
         <size>0x46</size>
         <input_file_ref idref="fl-136"/>
      </object_component>
      <object_component id="oc-5b">
         <name>.debug_info</name>
         <load_address>0x18a6</load_address>
         <run_address>0x18a6</run_address>
         <size>0x46</size>
         <input_file_ref idref="fl-138"/>
      </object_component>
      <object_component id="oc-61">
         <name>.debug_info</name>
         <load_address>0x18ec</load_address>
         <run_address>0x18ec</run_address>
         <size>0x318</size>
         <input_file_ref idref="fl-137"/>
      </object_component>
      <object_component id="oc-65">
         <name>.debug_info</name>
         <load_address>0x1c04</load_address>
         <run_address>0x1c04</run_address>
         <size>0xb2</size>
         <input_file_ref idref="fl-137"/>
      </object_component>
      <object_component id="oc-66">
         <name>.debug_info</name>
         <load_address>0x1cb6</load_address>
         <run_address>0x1cb6</run_address>
         <size>0x39</size>
         <input_file_ref idref="fl-137"/>
      </object_component>
      <object_component id="oc-6d">
         <name>.debug_info</name>
         <load_address>0x1cef</load_address>
         <run_address>0x1cef</run_address>
         <size>0x14f</size>
         <input_file_ref idref="fl-6"/>
      </object_component>
      <object_component id="oc-72">
         <name>.debug_info</name>
         <load_address>0x1e3e</load_address>
         <run_address>0x1e3e</run_address>
         <size>0x1a5</size>
         <input_file_ref idref="fl-3"/>
      </object_component>
      <object_component id="oc-77">
         <name>.debug_info</name>
         <load_address>0x1fe3</load_address>
         <run_address>0x1fe3</run_address>
         <size>0x2c8</size>
         <input_file_ref idref="fl-2"/>
      </object_component>
      <object_component id="oc-7c">
         <name>.debug_info</name>
         <load_address>0x22ab</load_address>
         <run_address>0x22ab</run_address>
         <size>0x1e1</size>
         <input_file_ref idref="fl-148"/>
      </object_component>
      <object_component id="oc-81">
         <name>.debug_info</name>
         <load_address>0x248c</load_address>
         <run_address>0x248c</run_address>
         <size>0x1f1</size>
         <input_file_ref idref="fl-145"/>
      </object_component>
      <object_component id="oc-86">
         <name>.debug_info</name>
         <load_address>0x267d</load_address>
         <run_address>0x267d</run_address>
         <size>0x1fc</size>
         <input_file_ref idref="fl-146"/>
      </object_component>
      <object_component id="oc-8b">
         <name>.debug_info</name>
         <load_address>0x2879</load_address>
         <run_address>0x2879</run_address>
         <size>0x1e8</size>
         <input_file_ref idref="fl-146"/>
      </object_component>
      <object_component id="oc-90">
         <name>.debug_info</name>
         <load_address>0x2a61</load_address>
         <run_address>0x2a61</run_address>
         <size>0x465</size>
         <input_file_ref idref="fl-145"/>
      </object_component>
      <object_component id="oc-95">
         <name>.debug_info</name>
         <load_address>0x2ec6</load_address>
         <run_address>0x2ec6</run_address>
         <size>0x224</size>
         <input_file_ref idref="fl-145"/>
      </object_component>
      <object_component id="oc-9a">
         <name>.debug_info</name>
         <load_address>0x30ea</load_address>
         <run_address>0x30ea</run_address>
         <size>0x21b</size>
         <input_file_ref idref="fl-145"/>
      </object_component>
      <object_component id="oc-9f">
         <name>.debug_info</name>
         <load_address>0x3305</load_address>
         <run_address>0x3305</run_address>
         <size>0x11a</size>
         <input_file_ref idref="fl-2"/>
      </object_component>
      <object_component id="oc-a1">
         <name>.debug_info</name>
         <load_address>0x341f</load_address>
         <run_address>0x341f</run_address>
         <size>0xfe</size>
         <input_file_ref idref="fl-144"/>
      </object_component>
      <object_component id="oc-a3">
         <name>.debug_info</name>
         <load_address>0x351d</load_address>
         <run_address>0x351d</run_address>
         <size>0xe2</size>
         <input_file_ref idref="fl-6"/>
      </object_component>
      <object_component id="oc-a5">
         <name>.debug_info</name>
         <load_address>0x35ff</load_address>
         <run_address>0x35ff</run_address>
         <size>0x90</size>
         <input_file_ref idref="fl-2"/>
      </object_component>
      <object_component id="oc-aa">
         <name>.debug_info</name>
         <load_address>0x368f</load_address>
         <run_address>0x368f</run_address>
         <size>0x6bd</size>
         <input_file_ref idref="fl-6"/>
      </object_component>
      <object_component id="oc-af">
         <name>.debug_info</name>
         <load_address>0x3d4c</load_address>
         <run_address>0x3d4c</run_address>
         <size>0x5ee</size>
         <input_file_ref idref="fl-6"/>
      </object_component>
      <object_component id="oc-b6">
         <name>.debug_info</name>
         <load_address>0x433a</load_address>
         <run_address>0x433a</run_address>
         <size>0x89</size>
         <input_file_ref idref="fl-5"/>
      </object_component>
      <object_component id="oc-bb">
         <name>.debug_info</name>
         <load_address>0x43c3</load_address>
         <run_address>0x43c3</run_address>
         <size>0x18b</size>
         <input_file_ref idref="fl-2"/>
      </object_component>
      <object_component id="oc-c1">
         <name>.debug_info</name>
         <load_address>0x454e</load_address>
         <run_address>0x454e</run_address>
         <size>0x191</size>
         <input_file_ref idref="fl-140"/>
      </object_component>
      <object_component id="oc-c6">
         <name>.debug_info</name>
         <load_address>0x46df</load_address>
         <run_address>0x46df</run_address>
         <size>0x90</size>
         <input_file_ref idref="fl-13e"/>
      </object_component>
      <object_component id="oc-cc">
         <name>.debug_info</name>
         <load_address>0x476f</load_address>
         <run_address>0x476f</run_address>
         <size>0xc8</size>
         <input_file_ref idref="fl-13d"/>
      </object_component>
      <object_component id="oc-ce">
         <name>.debug_info</name>
         <load_address>0x4837</load_address>
         <run_address>0x4837</run_address>
         <size>0xdb</size>
         <input_file_ref idref="fl-139"/>
      </object_component>
      <object_component id="oc-d0">
         <name>.debug_info</name>
         <load_address>0x4912</load_address>
         <run_address>0x4912</run_address>
         <size>0x89</size>
         <input_file_ref idref="fl-136"/>
      </object_component>
      <object_component id="oc-d7">
         <name>.debug_info</name>
         <load_address>0x499b</load_address>
         <run_address>0x499b</run_address>
         <size>0x83</size>
         <input_file_ref idref="fl-13b"/>
      </object_component>
      <object_component id="oc-dd">
         <name>.debug_info</name>
         <load_address>0x4a1e</load_address>
         <run_address>0x4a1e</run_address>
         <size>0x46</size>
         <input_file_ref idref="fl-136"/>
      </object_component>
      <object_component id="oc-e2">
         <name>.debug_info</name>
         <load_address>0x4a64</load_address>
         <run_address>0x4a64</run_address>
         <size>0xe8</size>
         <input_file_ref idref="fl-136"/>
      </object_component>
      <object_component id="oc-e3">
         <name>.debug_info</name>
         <load_address>0x4b4c</load_address>
         <run_address>0x4b4c</run_address>
         <size>0x2c</size>
         <input_file_ref idref="fl-137"/>
      </object_component>
      <object_component id="oc-e8">
         <name>.debug_info</name>
         <load_address>0x4b78</load_address>
         <run_address>0x4b78</run_address>
         <size>0xa8</size>
         <input_file_ref idref="fl-138"/>
      </object_component>
      <object_component id="oc-ea">
         <name>.debug_info</name>
         <load_address>0x4c20</load_address>
         <run_address>0x4c20</run_address>
         <size>0x84</size>
         <input_file_ref idref="fl-137"/>
      </object_component>
      <object_component id="oc-f2">
         <name>.debug_info</name>
         <load_address>0x4ca4</load_address>
         <run_address>0x4ca4</run_address>
         <size>0x1f5</size>
         <input_file_ref idref="fl-141"/>
      </object_component>
      <object_component id="oc-f7">
         <name>.debug_info</name>
         <load_address>0x4e99</load_address>
         <run_address>0x4e99</run_address>
         <size>0x201</size>
         <input_file_ref idref="fl-3"/>
      </object_component>
      <object_component id="oc-fd">
         <name>.debug_info</name>
         <load_address>0x509a</load_address>
         <run_address>0x509a</run_address>
         <size>0x8db</size>
         <input_file_ref idref="fl-3"/>
      </object_component>
      <object_component id="oc-102">
         <name>.debug_info</name>
         <load_address>0x5975</load_address>
         <run_address>0x5975</run_address>
         <size>0x106</size>
         <input_file_ref idref="fl-3"/>
      </object_component>
      <object_component id="oc-103">
         <name>.debug_info</name>
         <load_address>0x5a7b</load_address>
         <run_address>0x5a7b</run_address>
         <size>0x4e</size>
         <input_file_ref idref="fl-2"/>
      </object_component>
      <object_component id="oc-109">
         <name>.debug_info</name>
         <load_address>0x5ac9</load_address>
         <run_address>0x5ac9</run_address>
         <size>0x3a1</size>
         <input_file_ref idref="fl-2"/>
      </object_component>
      <object_component id="oc-10e">
         <name>.debug_info</name>
         <load_address>0x5e6a</load_address>
         <run_address>0x5e6a</run_address>
         <size>0x333</size>
         <input_file_ref idref="fl-2"/>
      </object_component>
      <object_component id="oc-113">
         <name>.debug_info</name>
         <load_address>0x619d</load_address>
         <run_address>0x619d</run_address>
         <size>0x12a</size>
         <input_file_ref idref="fl-2"/>
      </object_component>
      <object_component id="oc-115">
         <name>.debug_info</name>
         <load_address>0x62c7</load_address>
         <run_address>0x62c7</run_address>
         <size>0x6bd</size>
         <input_file_ref idref="fl-2"/>
      </object_component>
      <object_component id="oc-11b">
         <name>.debug_info</name>
         <load_address>0x6984</load_address>
         <run_address>0x6984</run_address>
         <size>0x4dc</size>
         <input_file_ref idref="fl-145"/>
      </object_component>
      <object_component id="oc-120">
         <name>.debug_info</name>
         <load_address>0x6e60</load_address>
         <run_address>0x6e60</run_address>
         <size>0x119</size>
         <input_file_ref idref="fl-148"/>
      </object_component>
      <object_component id="oc-122">
         <name>.debug_info</name>
         <load_address>0x6f79</load_address>
         <run_address>0x6f79</run_address>
         <size>0x102</size>
         <input_file_ref idref="fl-148"/>
      </object_component>
      <object_component id="oc-124">
         <name>.debug_info</name>
         <load_address>0x707b</load_address>
         <run_address>0x707b</run_address>
         <size>0x3de</size>
         <input_file_ref idref="fl-148"/>
      </object_component>
      <object_component id="oc-126">
         <name>.debug_info</name>
         <load_address>0x7459</load_address>
         <run_address>0x7459</run_address>
         <size>0x2b1</size>
         <input_file_ref idref="fl-145"/>
      </object_component>
      <object_component id="oc-12b">
         <name>.debug_info</name>
         <load_address>0x770a</load_address>
         <run_address>0x770a</run_address>
         <size>0x397</size>
         <input_file_ref idref="fl-145"/>
      </object_component>
      <object_component id="oc-12d">
         <name>.debug_info</name>
         <load_address>0x7aa1</load_address>
         <run_address>0x7aa1</run_address>
         <size>0x20f</size>
         <input_file_ref idref="fl-147"/>
      </object_component>
      <object_component id="oc-132">
         <name>.debug_info</name>
         <load_address>0x7cb0</load_address>
         <run_address>0x7cb0</run_address>
         <size>0x20f</size>
         <input_file_ref idref="fl-147"/>
      </object_component>
      <object_component id="oc-137">
         <name>.debug_info</name>
         <load_address>0x7ebf</load_address>
         <run_address>0x7ebf</run_address>
         <size>0x385</size>
         <input_file_ref idref="fl-146"/>
      </object_component>
      <object_component id="oc-139">
         <name>.debug_info</name>
         <load_address>0x8244</load_address>
         <run_address>0x8244</run_address>
         <size>0x6bd</size>
         <input_file_ref idref="fl-146"/>
      </object_component>
      <object_component id="oc-13f">
         <name>.debug_info</name>
         <load_address>0x8901</load_address>
         <run_address>0x8901</run_address>
         <size>0x262</size>
         <input_file_ref idref="fl-145"/>
      </object_component>
      <object_component id="oc-144">
         <name>.debug_info</name>
         <load_address>0x8b63</load_address>
         <run_address>0x8b63</run_address>
         <size>0x230</size>
         <input_file_ref idref="fl-145"/>
      </object_component>
      <object_component id="oc-149">
         <name>.debug_info</name>
         <load_address>0x8d93</load_address>
         <run_address>0x8d93</run_address>
         <size>0x2a5</size>
         <input_file_ref idref="fl-145"/>
      </object_component>
      <object_component id="oc-14e">
         <name>.debug_info</name>
         <load_address>0x9038</load_address>
         <run_address>0x9038</run_address>
         <size>0x18b</size>
         <input_file_ref idref="fl-144"/>
      </object_component>
      <object_component id="oc-156">
         <name>.debug_info</name>
         <load_address>0x91c3</load_address>
         <run_address>0x91c3</run_address>
         <size>0x2ca</size>
         <input_file_ref idref="fl-2"/>
      </object_component>
      <object_component id="oc-15b">
         <name>.debug_info</name>
         <load_address>0x948d</load_address>
         <run_address>0x948d</run_address>
         <size>0x692</size>
         <input_file_ref idref="fl-2"/>
      </object_component>
      <object_component id="oc-160">
         <name>.debug_info</name>
         <load_address>0x9b1f</load_address>
         <run_address>0x9b1f</run_address>
         <size>0x44d</size>
         <input_file_ref idref="fl-2"/>
      </object_component>
      <object_component id="oc-165">
         <name>.debug_info</name>
         <load_address>0x9f6c</load_address>
         <run_address>0x9f6c</run_address>
         <size>0x46c</size>
         <input_file_ref idref="fl-2"/>
      </object_component>
      <object_component id="oc-16a">
         <name>.debug_info</name>
         <load_address>0xa3d8</load_address>
         <run_address>0xa3d8</run_address>
         <size>0x242</size>
         <input_file_ref idref="fl-2"/>
      </object_component>
      <object_component id="oc-16f">
         <name>.debug_info</name>
         <load_address>0xa61a</load_address>
         <run_address>0xa61a</run_address>
         <size>0x1f6</size>
         <input_file_ref idref="fl-2"/>
      </object_component>
      <object_component id="oc-175">
         <name>.debug_info</name>
         <load_address>0xa810</load_address>
         <run_address>0xa810</run_address>
         <size>0x34b</size>
         <input_file_ref idref="fl-2"/>
      </object_component>
      <object_component id="oc-177">
         <name>.debug_info</name>
         <load_address>0xab5b</load_address>
         <run_address>0xab5b</run_address>
         <size>0x103</size>
         <input_file_ref idref="fl-144"/>
      </object_component>
      <object_component id="oc-17a">
         <name>.debug_info</name>
         <load_address>0xac5e</load_address>
         <run_address>0xac5e</run_address>
         <size>0x30a</size>
         <input_file_ref idref="fl-144"/>
      </object_component>
      <object_component id="oc-180">
         <name>.debug_info</name>
         <load_address>0xaf68</load_address>
         <run_address>0xaf68</run_address>
         <size>0x143</size>
         <input_file_ref idref="fl-140"/>
      </object_component>
      <object_component id="oc-182">
         <name>.debug_info</name>
         <load_address>0xb0ab</load_address>
         <run_address>0xb0ab</run_address>
         <size>0x1ba</size>
         <input_file_ref idref="fl-13d"/>
      </object_component>
      <object_component id="oc-187">
         <name>.debug_info</name>
         <load_address>0xb265</load_address>
         <run_address>0xb265</run_address>
         <size>0xd4</size>
         <input_file_ref idref="fl-13d"/>
      </object_component>
      <object_component id="oc-18a">
         <name>.debug_info</name>
         <load_address>0xb339</load_address>
         <run_address>0xb339</run_address>
         <size>0x131</size>
         <input_file_ref idref="fl-139"/>
      </object_component>
      <object_component id="oc-190">
         <name>.debug_info</name>
         <load_address>0xb46a</load_address>
         <run_address>0xb46a</run_address>
         <size>0x18b</size>
         <input_file_ref idref="fl-141"/>
      </object_component>
      <object_component id="oc-195">
         <name>.debug_info</name>
         <load_address>0xb5f5</load_address>
         <run_address>0xb5f5</run_address>
         <size>0x1c8</size>
         <input_file_ref idref="fl-141"/>
      </object_component>
      <object_component id="oc-197">
         <name>.debug_info</name>
         <load_address>0xb7bd</load_address>
         <run_address>0xb7bd</run_address>
         <size>0x143</size>
         <input_file_ref idref="fl-3"/>
      </object_component>
      <object_component id="oc-199">
         <name>.debug_info</name>
         <load_address>0xb900</load_address>
         <run_address>0xb900</run_address>
         <size>0xed</size>
         <input_file_ref idref="fl-3"/>
      </object_component>
      <object_component id="oc-19a">
         <name>.debug_info</name>
         <load_address>0xb9ed</load_address>
         <run_address>0xb9ed</run_address>
         <size>0x305</size>
         <input_file_ref idref="fl-3"/>
      </object_component>
      <object_component id="oc-19d">
         <name>.debug_info</name>
         <load_address>0xbcf2</load_address>
         <run_address>0xbcf2</run_address>
         <size>0x271</size>
         <input_file_ref idref="fl-3"/>
      </object_component>
      <object_component id="oc-1a2">
         <name>.debug_info</name>
         <load_address>0xbf63</load_address>
         <run_address>0xbf63</run_address>
         <size>0x139</size>
         <input_file_ref idref="fl-13c"/>
      </object_component>
      <object_component id="oc-1ad">
         <name>.debug_info</name>
         <load_address>0xc09c</load_address>
         <run_address>0xc09c</run_address>
         <size>0x7a6</size>
         <input_file_ref idref="fl-145"/>
      </object_component>
      <object_component id="oc-1b2">
         <name>.debug_info</name>
         <load_address>0xc842</load_address>
         <run_address>0xc842</run_address>
         <size>0x90</size>
         <input_file_ref idref="fl-144"/>
      </object_component>
      <object_component id="oc-1b8">
         <name>.debug_info</name>
         <load_address>0xc8d2</load_address>
         <run_address>0xc8d2</run_address>
         <size>0x215</size>
         <input_file_ref idref="fl-149"/>
      </object_component>
      <object_component id="oc-1c3">
         <name>.debug_info</name>
         <load_address>0xcae7</load_address>
         <run_address>0xcae7</run_address>
         <size>0x1b8</size>
         <input_file_ref idref="fl-145"/>
      </object_component>
      <object_component id="oc-1ca">
         <name>.debug_info</name>
         <load_address>0xcc9f</load_address>
         <run_address>0xcc9f</run_address>
         <size>0x6bd</size>
         <input_file_ref idref="fl-145"/>
      </object_component>
      <object_component id="oc-1d0">
         <name>.debug_info</name>
         <load_address>0xd35c</load_address>
         <run_address>0xd35c</run_address>
         <size>0x310</size>
         <input_file_ref idref="fl-147"/>
      </object_component>
      <object_component id="oc-1d6">
         <name>.debug_info</name>
         <load_address>0xd66c</load_address>
         <run_address>0xd66c</run_address>
         <size>0x30f</size>
         <input_file_ref idref="fl-145"/>
      </object_component>
      <object_component id="oc-1db">
         <name>.debug_info</name>
         <load_address>0xd97b</load_address>
         <run_address>0xd97b</run_address>
         <size>0x2af</size>
         <input_file_ref idref="fl-145"/>
      </object_component>
      <object_component id="oc-1e2">
         <name>.debug_info</name>
         <load_address>0xdc2a</load_address>
         <run_address>0xdc2a</run_address>
         <size>0x39f</size>
         <input_file_ref idref="fl-2"/>
      </object_component>
      <object_component id="oc-1f2">
         <name>.debug_info</name>
         <load_address>0xdfc9</load_address>
         <run_address>0xdfc9</run_address>
         <size>0x6bd</size>
         <input_file_ref idref="fl-144"/>
      </object_component>
      <object_component id="oc-1f9">
         <name>.debug_info</name>
         <load_address>0xe686</load_address>
         <run_address>0xe686</run_address>
         <size>0xcd</size>
         <input_file_ref idref="fl-140"/>
      </object_component>
      <object_component id="oc-203">
         <name>.debug_info</name>
         <load_address>0xe753</load_address>
         <run_address>0xe753</run_address>
         <size>0x90</size>
         <input_file_ref idref="fl-141"/>
      </object_component>
      <object_component id="oc-218">
         <name>.debug_info</name>
         <load_address>0xe7e3</load_address>
         <run_address>0xe7e3</run_address>
         <size>0x374</size>
         <input_file_ref idref="fl-149"/>
      </object_component>
      <object_component id="oc-240">
         <name>.debug_info</name>
         <load_address>0xeb57</load_address>
         <run_address>0xeb57</run_address>
         <size>0x9c</size>
      </object_component>
      <object_component id="oc-12">
         <name>.debug_line</name>
         <load_address>0x0</load_address>
         <run_address>0x0</run_address>
         <size>0x4f</size>
         <input_file_ref idref="fl-135"/>
      </object_component>
      <object_component id="oc-16">
         <name>.debug_line</name>
         <load_address>0x4f</load_address>
         <run_address>0x4f</run_address>
         <size>0x4d</size>
         <input_file_ref idref="fl-136"/>
      </object_component>
      <object_component id="oc-1a">
         <name>.debug_line</name>
         <load_address>0x9c</load_address>
         <run_address>0x9c</run_address>
         <size>0x4c</size>
         <input_file_ref idref="fl-138"/>
      </object_component>
      <object_component id="oc-1e">
         <name>.debug_line</name>
         <load_address>0xe8</load_address>
         <run_address>0xe8</run_address>
         <size>0x4c</size>
         <input_file_ref idref="fl-137"/>
      </object_component>
      <object_component id="oc-22">
         <name>.debug_line</name>
         <load_address>0x134</load_address>
         <run_address>0x134</run_address>
         <size>0xb6</size>
         <input_file_ref idref="fl-4"/>
      </object_component>
      <object_component id="oc-26">
         <name>.debug_line</name>
         <load_address>0x1ea</load_address>
         <run_address>0x1ea</run_address>
         <size>0x145</size>
         <input_file_ref idref="fl-6"/>
      </object_component>
      <object_component id="oc-2c">
         <name>.debug_line</name>
         <load_address>0x32f</load_address>
         <run_address>0x32f</run_address>
         <size>0x46</size>
         <input_file_ref idref="fl-5"/>
      </object_component>
      <object_component id="oc-31">
         <name>.debug_line</name>
         <load_address>0x375</load_address>
         <run_address>0x375</run_address>
         <size>0x49</size>
         <input_file_ref idref="fl-5"/>
      </object_component>
      <object_component id="oc-36">
         <name>.debug_line</name>
         <load_address>0x3be</load_address>
         <run_address>0x3be</run_address>
         <size>0x49</size>
         <input_file_ref idref="fl-5"/>
      </object_component>
      <object_component id="oc-3b">
         <name>.debug_line</name>
         <load_address>0x407</load_address>
         <run_address>0x407</run_address>
         <size>0x49</size>
         <input_file_ref idref="fl-5"/>
      </object_component>
      <object_component id="oc-3f">
         <name>.debug_line</name>
         <load_address>0x450</load_address>
         <run_address>0x450</run_address>
         <size>0x34</size>
         <input_file_ref idref="fl-5"/>
      </object_component>
      <object_component id="oc-43">
         <name>.debug_line</name>
         <load_address>0x484</load_address>
         <run_address>0x484</run_address>
         <size>0x87</size>
         <input_file_ref idref="fl-13f"/>
      </object_component>
      <object_component id="oc-47">
         <name>.debug_line</name>
         <load_address>0x50b</load_address>
         <run_address>0x50b</run_address>
         <size>0x42</size>
         <input_file_ref idref="fl-13e"/>
      </object_component>
      <object_component id="oc-4b">
         <name>.debug_line</name>
         <load_address>0x54d</load_address>
         <run_address>0x54d</run_address>
         <size>0x71</size>
         <input_file_ref idref="fl-139"/>
      </object_component>
      <object_component id="oc-52">
         <name>.debug_line</name>
         <load_address>0x5be</load_address>
         <run_address>0x5be</run_address>
         <size>0x88</size>
         <input_file_ref idref="fl-13a"/>
      </object_component>
      <object_component id="oc-57">
         <name>.debug_line</name>
         <load_address>0x646</load_address>
         <run_address>0x646</run_address>
         <size>0x3a</size>
         <input_file_ref idref="fl-136"/>
      </object_component>
      <object_component id="oc-5d">
         <name>.debug_line</name>
         <load_address>0x680</load_address>
         <run_address>0x680</run_address>
         <size>0x34</size>
         <input_file_ref idref="fl-138"/>
      </object_component>
      <object_component id="oc-62">
         <name>.debug_line</name>
         <load_address>0x6b4</load_address>
         <run_address>0x6b4</run_address>
         <size>0x58</size>
         <input_file_ref idref="fl-137"/>
      </object_component>
      <object_component id="oc-68">
         <name>.debug_line</name>
         <load_address>0x70c</load_address>
         <run_address>0x70c</run_address>
         <size>0x39</size>
         <input_file_ref idref="fl-137"/>
      </object_component>
      <object_component id="oc-6e">
         <name>.debug_line</name>
         <load_address>0x745</load_address>
         <run_address>0x745</run_address>
         <size>0x49</size>
         <input_file_ref idref="fl-6"/>
      </object_component>
      <object_component id="oc-73">
         <name>.debug_line</name>
         <load_address>0x78e</load_address>
         <run_address>0x78e</run_address>
         <size>0x68</size>
         <input_file_ref idref="fl-3"/>
      </object_component>
      <object_component id="oc-78">
         <name>.debug_line</name>
         <load_address>0x7f6</load_address>
         <run_address>0x7f6</run_address>
         <size>0xcf</size>
         <input_file_ref idref="fl-2"/>
      </object_component>
      <object_component id="oc-7d">
         <name>.debug_line</name>
         <load_address>0x8c5</load_address>
         <run_address>0x8c5</run_address>
         <size>0x84</size>
         <input_file_ref idref="fl-148"/>
      </object_component>
      <object_component id="oc-82">
         <name>.debug_line</name>
         <load_address>0x949</load_address>
         <run_address>0x949</run_address>
         <size>0x6a</size>
         <input_file_ref idref="fl-145"/>
      </object_component>
      <object_component id="oc-87">
         <name>.debug_line</name>
         <load_address>0x9b3</load_address>
         <run_address>0x9b3</run_address>
         <size>0x78</size>
         <input_file_ref idref="fl-146"/>
      </object_component>
      <object_component id="oc-8c">
         <name>.debug_line</name>
         <load_address>0xa2b</load_address>
         <run_address>0xa2b</run_address>
         <size>0x9b</size>
         <input_file_ref idref="fl-146"/>
      </object_component>
      <object_component id="oc-91">
         <name>.debug_line</name>
         <load_address>0xac6</load_address>
         <run_address>0xac6</run_address>
         <size>0x9c</size>
         <input_file_ref idref="fl-145"/>
      </object_component>
      <object_component id="oc-96">
         <name>.debug_line</name>
         <load_address>0xb62</load_address>
         <run_address>0xb62</run_address>
         <size>0x6e</size>
         <input_file_ref idref="fl-145"/>
      </object_component>
      <object_component id="oc-9b">
         <name>.debug_line</name>
         <load_address>0xbd0</load_address>
         <run_address>0xbd0</run_address>
         <size>0x69</size>
         <input_file_ref idref="fl-145"/>
      </object_component>
      <object_component id="oc-a7">
         <name>.debug_line</name>
         <load_address>0xc39</load_address>
         <run_address>0xc39</run_address>
         <size>0x20</size>
         <input_file_ref idref="fl-2"/>
      </object_component>
      <object_component id="oc-ac">
         <name>.debug_line</name>
         <load_address>0xc59</load_address>
         <run_address>0xc59</run_address>
         <size>0x4d</size>
         <input_file_ref idref="fl-6"/>
      </object_component>
      <object_component id="oc-b5">
         <name>.debug_line</name>
         <load_address>0xca6</load_address>
         <run_address>0xca6</run_address>
         <size>0x34</size>
         <input_file_ref idref="fl-5"/>
      </object_component>
      <object_component id="oc-b8">
         <name>.debug_line</name>
         <load_address>0xcda</load_address>
         <run_address>0xcda</run_address>
         <size>0x20</size>
         <input_file_ref idref="fl-5"/>
      </object_component>
      <object_component id="oc-bd">
         <name>.debug_line</name>
         <load_address>0xcfa</load_address>
         <run_address>0xcfa</run_address>
         <size>0x59</size>
         <input_file_ref idref="fl-2"/>
      </object_component>
      <object_component id="oc-c2">
         <name>.debug_line</name>
         <load_address>0xd53</load_address>
         <run_address>0xd53</run_address>
         <size>0x43</size>
         <input_file_ref idref="fl-140"/>
      </object_component>
      <object_component id="oc-c8">
         <name>.debug_line</name>
         <load_address>0xd96</load_address>
         <run_address>0xd96</run_address>
         <size>0x20</size>
         <input_file_ref idref="fl-13e"/>
      </object_component>
      <object_component id="oc-d2">
         <name>.debug_line</name>
         <load_address>0xdb6</load_address>
         <run_address>0xdb6</run_address>
         <size>0x20</size>
         <input_file_ref idref="fl-136"/>
      </object_component>
      <object_component id="oc-d6">
         <name>.debug_line</name>
         <load_address>0xdd6</load_address>
         <run_address>0xdd6</run_address>
         <size>0x33</size>
         <input_file_ref idref="fl-13b"/>
      </object_component>
      <object_component id="oc-d9">
         <name>.debug_line</name>
         <load_address>0xe09</load_address>
         <run_address>0xe09</run_address>
         <size>0x20</size>
         <input_file_ref idref="fl-13b"/>
      </object_component>
      <object_component id="oc-df">
         <name>.debug_line</name>
         <load_address>0xe29</load_address>
         <run_address>0xe29</run_address>
         <size>0x44</size>
         <input_file_ref idref="fl-136"/>
      </object_component>
      <object_component id="oc-e5">
         <name>.debug_line</name>
         <load_address>0xe6d</load_address>
         <run_address>0xe6d</run_address>
         <size>0x44</size>
         <input_file_ref idref="fl-137"/>
      </object_component>
      <object_component id="oc-ec">
         <name>.debug_line</name>
         <load_address>0xeb1</load_address>
         <run_address>0xeb1</run_address>
         <size>0x20</size>
         <input_file_ref idref="fl-137"/>
      </object_component>
      <object_component id="oc-f0">
         <name>.debug_line</name>
         <load_address>0xed1</load_address>
         <run_address>0xed1</run_address>
         <size>0x20</size>
         <input_file_ref idref="fl-137"/>
      </object_component>
      <object_component id="oc-f3">
         <name>.debug_line</name>
         <load_address>0xef1</load_address>
         <run_address>0xef1</run_address>
         <size>0x6b</size>
         <input_file_ref idref="fl-141"/>
      </object_component>
      <object_component id="oc-f8">
         <name>.debug_line</name>
         <load_address>0xf5c</load_address>
         <run_address>0xf5c</run_address>
         <size>0x7e</size>
         <input_file_ref idref="fl-3"/>
      </object_component>
      <object_component id="oc-fe">
         <name>.debug_line</name>
         <load_address>0xfda</load_address>
         <run_address>0xfda</run_address>
         <size>0x1d3</size>
         <input_file_ref idref="fl-3"/>
      </object_component>
      <object_component id="oc-105">
         <name>.debug_line</name>
         <load_address>0x11ad</load_address>
         <run_address>0x11ad</run_address>
         <size>0x59</size>
         <input_file_ref idref="fl-2"/>
      </object_component>
      <object_component id="oc-10a">
         <name>.debug_line</name>
         <load_address>0x1206</load_address>
         <run_address>0x1206</run_address>
         <size>0x99</size>
         <input_file_ref idref="fl-2"/>
      </object_component>
      <object_component id="oc-10f">
         <name>.debug_line</name>
         <load_address>0x129f</load_address>
         <run_address>0x129f</run_address>
         <size>0x97</size>
         <input_file_ref idref="fl-2"/>
      </object_component>
      <object_component id="oc-117">
         <name>.debug_line</name>
         <load_address>0x1336</load_address>
         <run_address>0x1336</run_address>
         <size>0x4d</size>
         <input_file_ref idref="fl-2"/>
      </object_component>
      <object_component id="oc-11c">
         <name>.debug_line</name>
         <load_address>0x1383</load_address>
         <run_address>0x1383</run_address>
         <size>0xab</size>
         <input_file_ref idref="fl-145"/>
      </object_component>
      <object_component id="oc-127">
         <name>.debug_line</name>
         <load_address>0x142e</load_address>
         <run_address>0x142e</run_address>
         <size>0x8b</size>
         <input_file_ref idref="fl-145"/>
      </object_component>
      <object_component id="oc-12e">
         <name>.debug_line</name>
         <load_address>0x14b9</load_address>
         <run_address>0x14b9</run_address>
         <size>0x7c</size>
         <input_file_ref idref="fl-147"/>
      </object_component>
      <object_component id="oc-133">
         <name>.debug_line</name>
         <load_address>0x1535</load_address>
         <run_address>0x1535</run_address>
         <size>0x7d</size>
         <input_file_ref idref="fl-147"/>
      </object_component>
      <object_component id="oc-13b">
         <name>.debug_line</name>
         <load_address>0x15b2</load_address>
         <run_address>0x15b2</run_address>
         <size>0x53</size>
         <input_file_ref idref="fl-146"/>
      </object_component>
      <object_component id="oc-140">
         <name>.debug_line</name>
         <load_address>0x1605</load_address>
         <run_address>0x1605</run_address>
         <size>0x74</size>
         <input_file_ref idref="fl-145"/>
      </object_component>
      <object_component id="oc-145">
         <name>.debug_line</name>
         <load_address>0x1679</load_address>
         <run_address>0x1679</run_address>
         <size>0x6b</size>
         <input_file_ref idref="fl-145"/>
      </object_component>
      <object_component id="oc-14a">
         <name>.debug_line</name>
         <load_address>0x16e4</load_address>
         <run_address>0x16e4</run_address>
         <size>0x76</size>
         <input_file_ref idref="fl-145"/>
      </object_component>
      <object_component id="oc-150">
         <name>.debug_line</name>
         <load_address>0x175a</load_address>
         <run_address>0x175a</run_address>
         <size>0x5e</size>
         <input_file_ref idref="fl-144"/>
      </object_component>
      <object_component id="oc-157">
         <name>.debug_line</name>
         <load_address>0x17b8</load_address>
         <run_address>0x17b8</run_address>
         <size>0x95</size>
         <input_file_ref idref="fl-2"/>
      </object_component>
      <object_component id="oc-15c">
         <name>.debug_line</name>
         <load_address>0x184d</load_address>
         <run_address>0x184d</run_address>
         <size>0x129</size>
         <input_file_ref idref="fl-2"/>
      </object_component>
      <object_component id="oc-161">
         <name>.debug_line</name>
         <load_address>0x1976</load_address>
         <run_address>0x1976</run_address>
         <size>0xa4</size>
         <input_file_ref idref="fl-2"/>
      </object_component>
      <object_component id="oc-166">
         <name>.debug_line</name>
         <load_address>0x1a1a</load_address>
         <run_address>0x1a1a</run_address>
         <size>0xb5</size>
         <input_file_ref idref="fl-2"/>
      </object_component>
      <object_component id="oc-16b">
         <name>.debug_line</name>
         <load_address>0x1acf</load_address>
         <run_address>0x1acf</run_address>
         <size>0x87</size>
         <input_file_ref idref="fl-2"/>
      </object_component>
      <object_component id="oc-170">
         <name>.debug_line</name>
         <load_address>0x1b56</load_address>
         <run_address>0x1b56</run_address>
         <size>0x84</size>
         <input_file_ref idref="fl-2"/>
      </object_component>
      <object_component id="oc-174">
         <name>.debug_line</name>
         <load_address>0x1bda</load_address>
         <run_address>0x1bda</run_address>
         <size>0x72</size>
         <input_file_ref idref="fl-2"/>
      </object_component>
      <object_component id="oc-179">
         <name>.debug_line</name>
         <load_address>0x1c4c</load_address>
         <run_address>0x1c4c</run_address>
         <size>0x5c</size>
         <input_file_ref idref="fl-144"/>
      </object_component>
      <object_component id="oc-17c">
         <name>.debug_line</name>
         <load_address>0x1ca8</load_address>
         <run_address>0x1ca8</run_address>
         <size>0x2e</size>
         <input_file_ref idref="fl-6"/>
      </object_component>
      <object_component id="oc-17e">
         <name>.debug_line</name>
         <load_address>0x1cd6</load_address>
         <run_address>0x1cd6</run_address>
         <size>0x10e</size>
         <input_file_ref idref="fl-6"/>
      </object_component>
      <object_component id="oc-183">
         <name>.debug_line</name>
         <load_address>0x1de4</load_address>
         <run_address>0x1de4</run_address>
         <size>0x60</size>
         <input_file_ref idref="fl-13d"/>
      </object_component>
      <object_component id="oc-186">
         <name>.debug_line</name>
         <load_address>0x1e44</load_address>
         <run_address>0x1e44</run_address>
         <size>0x2b</size>
         <input_file_ref idref="fl-13d"/>
      </object_component>
      <object_component id="oc-189">
         <name>.debug_line</name>
         <load_address>0x1e6f</load_address>
         <run_address>0x1e6f</run_address>
         <size>0x2a</size>
         <input_file_ref idref="fl-139"/>
      </object_component>
      <object_component id="oc-18c">
         <name>.debug_line</name>
         <load_address>0x1e99</load_address>
         <run_address>0x1e99</run_address>
         <size>0x20</size>
         <input_file_ref idref="fl-136"/>
      </object_component>
      <object_component id="oc-18e">
         <name>.debug_line</name>
         <load_address>0x1eb9</load_address>
         <run_address>0x1eb9</run_address>
         <size>0x20</size>
         <input_file_ref idref="fl-138"/>
      </object_component>
      <object_component id="oc-192">
         <name>.debug_line</name>
         <load_address>0x1ed9</load_address>
         <run_address>0x1ed9</run_address>
         <size>0x5e</size>
         <input_file_ref idref="fl-141"/>
      </object_component>
      <object_component id="oc-19e">
         <name>.debug_line</name>
         <load_address>0x1f37</load_address>
         <run_address>0x1f37</run_address>
         <size>0x8c</size>
         <input_file_ref idref="fl-3"/>
      </object_component>
      <object_component id="oc-1a3">
         <name>.debug_line</name>
         <load_address>0x1fc3</load_address>
         <run_address>0x1fc3</run_address>
         <size>0x6c</size>
         <input_file_ref idref="fl-13c"/>
      </object_component>
      <object_component id="oc-1a7">
         <name>.debug_line</name>
         <load_address>0x202f</load_address>
         <run_address>0x202f</run_address>
         <size>0x20</size>
         <input_file_ref idref="fl-3"/>
      </object_component>
      <object_component id="oc-1ab">
         <name>.debug_line</name>
         <load_address>0x204f</load_address>
         <run_address>0x204f</run_address>
         <size>0x72</size>
         <input_file_ref idref="fl-2"/>
      </object_component>
      <object_component id="oc-1ae">
         <name>.debug_line</name>
         <load_address>0x20c1</load_address>
         <run_address>0x20c1</run_address>
         <size>0x1f0</size>
         <input_file_ref idref="fl-145"/>
      </object_component>
      <object_component id="oc-1b4">
         <name>.debug_line</name>
         <load_address>0x22b1</load_address>
         <run_address>0x22b1</run_address>
         <size>0x20</size>
         <input_file_ref idref="fl-144"/>
      </object_component>
      <object_component id="oc-1b9">
         <name>.debug_line</name>
         <load_address>0x22d1</load_address>
         <run_address>0x22d1</run_address>
         <size>0x6b</size>
         <input_file_ref idref="fl-149"/>
      </object_component>
      <object_component id="oc-1bd">
         <name>.debug_line</name>
         <load_address>0x233c</load_address>
         <run_address>0x233c</run_address>
         <size>0x55</size>
         <input_file_ref idref="fl-148"/>
      </object_component>
      <object_component id="oc-1bf">
         <name>.debug_line</name>
         <load_address>0x2391</load_address>
         <run_address>0x2391</run_address>
         <size>0x55</size>
         <input_file_ref idref="fl-148"/>
      </object_component>
      <object_component id="oc-1c1">
         <name>.debug_line</name>
         <load_address>0x23e6</load_address>
         <run_address>0x23e6</run_address>
         <size>0x53</size>
         <input_file_ref idref="fl-148"/>
      </object_component>
      <object_component id="oc-1c4">
         <name>.debug_line</name>
         <load_address>0x2439</load_address>
         <run_address>0x2439</run_address>
         <size>0x73</size>
         <input_file_ref idref="fl-145"/>
      </object_component>
      <object_component id="oc-1c9">
         <name>.debug_line</name>
         <load_address>0x24ac</load_address>
         <run_address>0x24ac</run_address>
         <size>0x20</size>
         <input_file_ref idref="fl-145"/>
      </object_component>
      <object_component id="oc-1cc">
         <name>.debug_line</name>
         <load_address>0x24cc</load_address>
         <run_address>0x24cc</run_address>
         <size>0x53</size>
         <input_file_ref idref="fl-145"/>
      </object_component>
      <object_component id="oc-1d3">
         <name>.debug_line</name>
         <load_address>0x251f</load_address>
         <run_address>0x251f</run_address>
         <size>0x53</size>
         <input_file_ref idref="fl-146"/>
      </object_component>
      <object_component id="oc-1d7">
         <name>.debug_line</name>
         <load_address>0x2572</load_address>
         <run_address>0x2572</run_address>
         <size>0x8d</size>
         <input_file_ref idref="fl-145"/>
      </object_component>
      <object_component id="oc-1dc">
         <name>.debug_line</name>
         <load_address>0x25ff</load_address>
         <run_address>0x25ff</run_address>
         <size>0x7b</size>
         <input_file_ref idref="fl-145"/>
      </object_component>
      <object_component id="oc-1e3">
         <name>.debug_line</name>
         <load_address>0x267a</load_address>
         <run_address>0x267a</run_address>
         <size>0x95</size>
         <input_file_ref idref="fl-2"/>
      </object_component>
      <object_component id="oc-1ed">
         <name>.debug_line</name>
         <load_address>0x270f</load_address>
         <run_address>0x270f</run_address>
         <size>0x20</size>
         <input_file_ref idref="fl-2"/>
      </object_component>
      <object_component id="oc-1ef">
         <name>.debug_line</name>
         <load_address>0x272f</load_address>
         <run_address>0x272f</run_address>
         <size>0x5c</size>
         <input_file_ref idref="fl-144"/>
      </object_component>
      <object_component id="oc-1f1">
         <name>.debug_line</name>
         <load_address>0x278b</load_address>
         <run_address>0x278b</run_address>
         <size>0x20</size>
         <input_file_ref idref="fl-144"/>
      </object_component>
      <object_component id="oc-1f4">
         <name>.debug_line</name>
         <load_address>0x27ab</load_address>
         <run_address>0x27ab</run_address>
         <size>0x53</size>
         <input_file_ref idref="fl-144"/>
      </object_component>
      <object_component id="oc-1f8">
         <name>.debug_line</name>
         <load_address>0x27fe</load_address>
         <run_address>0x27fe</run_address>
         <size>0x51</size>
         <input_file_ref idref="fl-140"/>
      </object_component>
      <object_component id="oc-1fb">
         <name>.debug_line</name>
         <load_address>0x284f</load_address>
         <run_address>0x284f</run_address>
         <size>0x45</size>
         <input_file_ref idref="fl-140"/>
      </object_component>
      <object_component id="oc-200">
         <name>.debug_line</name>
         <load_address>0x2894</load_address>
         <run_address>0x2894</run_address>
         <size>0x20</size>
         <input_file_ref idref="fl-13d"/>
      </object_component>
      <object_component id="oc-202">
         <name>.debug_line</name>
         <load_address>0x28b4</load_address>
         <run_address>0x28b4</run_address>
         <size>0x43</size>
         <input_file_ref idref="fl-139"/>
      </object_component>
      <object_component id="oc-205">
         <name>.debug_line</name>
         <load_address>0x28f7</load_address>
         <run_address>0x28f7</run_address>
         <size>0x20</size>
         <input_file_ref idref="fl-141"/>
      </object_component>
      <object_component id="oc-209">
         <name>.debug_line</name>
         <load_address>0x2917</load_address>
         <run_address>0x2917</run_address>
         <size>0x5b</size>
         <input_file_ref idref="fl-141"/>
      </object_component>
      <object_component id="oc-20c">
         <name>.debug_line</name>
         <load_address>0x2972</load_address>
         <run_address>0x2972</run_address>
         <size>0x51</size>
         <input_file_ref idref="fl-3"/>
      </object_component>
      <object_component id="oc-20e">
         <name>.debug_line</name>
         <load_address>0x29c3</load_address>
         <run_address>0x29c3</run_address>
         <size>0x51</size>
         <input_file_ref idref="fl-3"/>
      </object_component>
      <object_component id="oc-210">
         <name>.debug_line</name>
         <load_address>0x2a14</load_address>
         <run_address>0x2a14</run_address>
         <size>0xac</size>
         <input_file_ref idref="fl-3"/>
      </object_component>
      <object_component id="oc-21b">
         <name>.debug_line</name>
         <load_address>0x2ac0</load_address>
         <run_address>0x2ac0</run_address>
         <size>0x20</size>
         <input_file_ref idref="fl-147"/>
      </object_component>
      <object_component id="oc-220">
         <name>.debug_line</name>
         <load_address>0x2ae0</load_address>
         <run_address>0x2ae0</run_address>
         <size>0x20</size>
         <input_file_ref idref="fl-149"/>
      </object_component>
      <object_component id="oc-13">
         <name>.debug_aranges</name>
         <load_address>0x0</load_address>
         <run_address>0x0</run_address>
         <size>0x20</size>
         <input_file_ref idref="fl-135"/>
      </object_component>
      <object_component id="oc-17">
[...]
            <object_component_ref idref="oc-1d2"/>
            <object_component_ref idref="oc-1d4"/>
            <object_component_ref idref="oc-1df"/>
            <object_component_ref idref="oc-1e0"/>
            <object_component_ref idref="oc-1e6"/>
            <object_component_ref idref="oc-1e7"/>
            <object_component_ref idref="oc-1e8"/>
            <object_component_ref idref="oc-1e9"/>
            <object_component_ref idref="oc-1ea"/>
            <object_component_ref idref="oc-1eb"/>
            <object_component_ref idref="oc-1ec"/>
            <object_component_ref idref="oc-1ee"/>
            <object_component_ref idref="oc-1f0"/>
            <object_component_ref idref="oc-1f3"/>
            <object_component_ref idref="oc-1f7"/>
            <object_component_ref idref="oc-1fa"/>
            <object_component_ref idref="oc-1fe"/>
            <object_component_ref idref="oc-1ff"/>
            <object_component_ref idref="oc-201"/>
            <object_component_ref idref="oc-204"/>
            <object_component_ref idref="oc-208"/>
            <object_component_ref idref="oc-20b"/>
            <object_component_ref idref="oc-20d"/>
            <object_component_ref idref="oc-20f"/>
            <object_component_ref idref="oc-214"/>
            <object_component_ref idref="oc-215"/>
            <object_component_ref idref="oc-216"/>
            <object_component_ref idref="oc-217"/>
            <object_component_ref idref="oc-219"/>
            <object_component_ref idref="oc-21a"/>
            <object_component_ref idref="oc-21c"/>
            <object_component_ref idref="oc-21d"/>
            <object_component_ref idref="oc-21e"/>
            <object_component_ref idref="oc-21f"/>
            <object_component_ref idref="oc-241"/>
         </contents>
      </logical_group>
      <logical_group id="lg-237">
         <name>.debug_str</name>
         <load_address>0x0</load_address>
         <run_address>0x0</run_address>
         <size>0x27ce</size>
         <contents>
            <object_component_ref idref="oc-58"/>
            <object_component_ref idref="oc-5e"/>
            <object_component_ref idref="oc-69"/>
            <object_component_ref idref="oc-a8"/>
            <object_component_ref idref="oc-ad"/>
            <object_component_ref idref="oc-b9"/>
            <object_component_ref idref="oc-be"/>
            <object_component_ref idref="oc-c9"/>
            <object_component_ref idref="oc-d3"/>
            <object_component_ref idref="oc-da"/>
            <object_component_ref idref="oc-e0"/>
            <object_component_ref idref="oc-e6"/>
            <object_component_ref idref="oc-ed"/>
            <object_component_ref idref="oc-106"/>
            <object_component_ref idref="oc-118"/>
            <object_component_ref idref="oc-13c"/>
            <object_component_ref idref="oc-151"/>
            <object_component_ref idref="oc-193"/>
            <object_component_ref idref="oc-1b5"/>
            <object_component_ref idref="oc-1cd"/>
            <object_component_ref idref="oc-1f5"/>
            <object_component_ref idref="oc-1fc"/>
            <object_component_ref idref="oc-206"/>
         </contents>
      </logical_group>
      <logical_group id="lg-239">
         <name>.debug_pubtypes</name>
         <load_address>0x0</load_address>
         <run_address>0x0</run_address>
         <size>0x1333</size>
         <contents>
            <object_component_ref idref="oc-59"/>
            <object_component_ref idref="oc-5f"/>
            <object_component_ref idref="oc-6a"/>
            <object_component_ref idref="oc-a9"/>
            <object_component_ref idref="oc-ae"/>
            <object_component_ref idref="oc-ba"/>
            <object_component_ref idref="oc-bf"/>
            <object_component_ref idref="oc-ca"/>
            <object_component_ref idref="oc-d4"/>
            <object_component_ref idref="oc-db"/>
            <object_component_ref idref="oc-e1"/>
            <object_component_ref idref="oc-e7"/>
            <object_component_ref idref="oc-ee"/>
            <object_component_ref idref="oc-107"/>
            <object_component_ref idref="oc-119"/>
            <object_component_ref idref="oc-13d"/>
            <object_component_ref idref="oc-152"/>
            <object_component_ref idref="oc-194"/>
            <object_component_ref idref="oc-1b6"/>
            <object_component_ref idref="oc-1ce"/>
            <object_component_ref idref="oc-1f6"/>
            <object_component_ref idref="oc-1fd"/>
            <object_component_ref idref="oc-207"/>
         </contents>
      </logical_group>
      <load_segment id="lg-24a">
         <name>SEGMENT_0</name>
         <load_address>0x0</load_address>
         <run_address>0x0</run_address>
         <size>0x1fb0</size>
         <flags>0x5</flags>
         <contents>
            <logical_group_ref idref="lg-3"/>
            <logical_group_ref idref="lg-4"/>
            <logical_group_ref idref="lg-5"/>
            <logical_group_ref idref="lg-6"/>
         </contents>
      </load_segment>
      <load_segment id="lg-24b">
         <name>SEGMENT_1</name>
         <run_address>0x20000000</run_address>
         <size>0x200</size>
         <flags>0x6</flags>
         <contents>
            <logical_group_ref idref="lg-d"/>
         </contents>
      </load_segment>
      <load_segment id="lg-24c">
         <name>SEGMENT_2</name>
         <load_address>0x20000200</load_address>
         <run_address>0x20000200</run_address>
         <size>0x34</size>
         <flags>0x6</flags>
         <contents>
            <logical_group_ref idref="lg-a"/>
            <logical_group_ref idref="lg-b"/>
         </contents>
      </load_segment>
   </logical_group_list>
   <placement_map>
      <memory_area>
         <name>FLASH</name>
         <page_id>0x0</page_id>
         <origin>0x0</origin>
         <length>0x40000</length>
         <used_space>0x1fac</used_space>
         <unused_space>0x3e054</unused_space>
         <attributes>RX</attributes>
         <usage_details>
            <allocated_space>
               <start_address>0x0</start_address>
               <size>0x26c</size>
               <logical_group_ref idref="lg-3"/>
            </allocated_space>
            <allocated_space>
               <start_address>0x26c</start_address>
               <size>0x1662</size>
               <logical_group_ref idref="lg-4"/>
            </allocated_space>
            <available_space>
               <start_address>0x18ce</start_address>
               <size>0x2</size>
            </available_space>
            <allocated_space>
               <start_address>0x18d0</start_address>
               <size>0x696</size>
               <logical_group_ref idref="lg-5"/>
            </allocated_space>
            <available_space>
               <start_address>0x1f66</start_address>
               <size>0x2</size>
            </available_space>
            <allocated_space>
               <start_address>0x1f68</start_address>
               <size>0x48</size>
               <logical_group_ref idref="lg-6"/>
            </allocated_space>
            <available_space>
               <start_address>0x1fb0</start_address>
               <size>0x3e050</size>
            </available_space>
         </usage_details>
      </memory_area>
      <memory_area>
         <name>SRAM</name>
         <page_id>0x0</page_id>
         <origin>0x20000000</origin>
         <length>0x8000</length>
         <used_space>0x234</used_space>
         <unused_space>0x7dcc</unused_space>
         <attributes>RWX</attributes>
         <usage_details>
            <allocated_space>
               <start_address>0x20000000</start_address>
               <size>0x200</size>
               <logical_group_ref idref="lg-d"/>
            </allocated_space>
            <allocated_space>
               <start_address>0x20000200</start_address>
               <size>0x30</size>
               <logical_group_ref idref="lg-a"/>
            </allocated_space>
            <allocated_space>
               <start_address>0x20000230</start_address>
               <size>0x4</size>
               <logical_group_ref idref="lg-b"/>
            </allocated_space>
            <available_space>
               <start_address>0x20000234</start_address>
               <size>0x7dcc</size>
            </available_space>
         </usage_details>
      </memory_area>
   </placement_map>
   <cptbl_list>
      <cptbl>
         <name>__TI_cinit_table</name>
         <cprec>
            <name>.data</name>
            <load_address>0x1f68</load_address>
            <load_size>0x23</load_size>
            <run_address>0x20000200</run_address>
            <run_size>0x30</run_size>
            <compression>rle</compression>
         </cprec>
         <cprec>
            <name>.bss</name>
            <load_address>0x1f98</load_address>
            <load_size>0x8</load_size>
            <run_address>0x20000230</run_address>
            <run_size>0x4</run_size>
            <compression>zero_init</compression>
         </cprec>
      </cptbl>
   </cptbl_list>
   <handler_table>
      <handler_table_name>__TI_handler_table</handler_table_name>
      <handler>
         <index>0x0</index>
         <name>__TI_decompress_rle24</name>
      </handler>
      <handler>
         <index>0x1</index>
         <name>__TI_decompress_none</name>
      </handler>
      <handler>
         <index>0x2</index>
         <name>__TI_zero_init</name>
      </handler>
   </handler_table>
   <symbol_table>
      <symbol id="sm-1">
         <name>__STACK_TOP</name>
         <value>0x20000200</value>
      </symbol>
      <symbol id="sm-2">
         <name>__TI_CINIT_Base</name>
         <value>0x1fa0</value>
      </symbol>
      <symbol id="sm-3">
         <name>__TI_CINIT_Limit</name>
         <value>0x1fb0</value>
      </symbol>
      <symbol id="sm-4">
         <name>__TI_Handler_Table_Base</name>
         <value>0x1f8c</value>
      </symbol>
      <symbol id="sm-5">
         <name>__TI_Handler_Table_Limit</name>
         <value>0x1f98</value>
      </symbol>
      <symbol id="sm-6">
         <name>binit</name>
         <value>0xffffffff</value>
      </symbol>
      <symbol id="sm-7">
         <name>__binit__</name>
         <value>0xffffffff</value>
      </symbol>
      <symbol id="sm-8">
         <name>__STACK_SIZE</name>
         <value>0x200</value>
      </symbol>
      <symbol id="sm-9">
         <name>__STACK_END</name>
         <value>0x20000200</value>
      </symbol>
      <symbol id="sm-a">
         <name>__c_args__</name>
         <value>0xffffffff</value>
      </symbol>
      <symbol id="sm-e3">
         <name>g_sCFAL96x64x16</name>
         <value>0x1ef8</value>
         <object_component_ref idref="oc-9e"/>
      </symbol>
      <symbol id="sm-e4">
         <name>CFAL96x64x16Init</name>
         <value>0xaad</value>
         <object_component_ref idref="oc-76"/>
      </symbol>
      <symbol id="sm-1e5">
         <name>UARTgets</name>
         <value>0xeb1</value>
         <object_component_ref idref="oc-211"/>
      </symbol>
      <symbol id="sm-1e6">
         <name>UARTStdioConfig</name>
         <value>0x13ad</value>
         <object_component_ref idref="oc-f6"/>
      </symbol>
      <symbol id="sm-1e7">
         <name>UARTwrite</name>
         <value>0x14e9</value>
         <object_component_ref idref="oc-19c"/>
      </symbol>
      <symbol id="sm-1e8">
         <name>UARTprintf</name>
         <value>0x181d</value>
         <object_component_ref idref="oc-71"/>
      </symbol>
      <symbol id="sm-1e9">
         <name>UARTvprintf</name>
         <value>0x759</value>
         <object_component_ref idref="oc-fc"/>
      </symbol>
      <symbol id="sm-1fa">
         <name>Switch_Init</name>
         <value>0x945</value>
         <object_component_ref idref="oc-20"/>
      </symbol>
      <symbol id="sm-1fb">
         <name>Switch_Input</name>
         <value>0xa53</value>
         <object_component_ref idref="oc-20"/>
      </symbol>
      <symbol id="sm-232">
         <name>ResetISR</name>
         <value>0x18bd</value>
         <object_component_ref idref="oc-2a"/>
      </symbol>
      <symbol id="sm-233">
         <name>g_pfnVectors</name>
         <value>0x0</value>
         <object_component_ref idref="oc-e"/>
      </symbol>
      <symbol id="sm-292">
         <name>main</name>
         <value>0x26d</value>
         <object_component_ref idref="oc-24"/>
      </symbol>
      <symbol id="sm-293">
         <name>ConfigureUART</name>
         <value>0x12f5</value>
         <object_component_ref idref="oc-6c"/>
      </symbol>
      <symbol id="sm-2a2">
         <name>_c_int00</name>
         <value>0x1531</value>
         <object_component_ref idref="oc-10"/>
      </symbol>
      <symbol id="sm-2a3">
         <name>__stack</name>
         <value>0x20000000</value>
         <object_component_ref idref="oc-29"/>
      </symbol>
      <symbol id="sm-2bd">
         <name>__TI_decompress_none</name>
         <value>0x18a1</value>
         <object_component_ref idref="oc-14"/>
      </symbol>
      <symbol id="sm-2e7">
         <name>__TI_decompress_rle24</name>
         <value>0x18c9</value>
         <object_component_ref idref="oc-1c"/>
      </symbol>
      <symbol id="sm-2f9">
         <name>__TI_zero_init</name>
         <value>0x188f</value>
         <object_component_ref idref="oc-18"/>
      </symbol>
      <symbol id="sm-314">
         <name>C$$EXIT</name>
         <value>0x168d</value>
         <object_component_ref idref="oc-49"/>
      </symbol>
      <symbol id="sm-315">
         <name>_dtors_ptr</name>
         <value>0x20000220</value>
         <object_component_ref idref="oc-cd"/>
      </symbol>
      <symbol id="sm-316">
         <name>abort</name>
         <value>0x1691</value>
         <object_component_ref idref="oc-49"/>
      </symbol>
      <symbol id="sm-317">
         <name>_cleanup_ptr</name>
         <value>0x2000021c</value>
         <object_component_ref idref="oc-cd"/>
      </symbol>
      <symbol id="sm-318">
         <name>exit</name>
         <value>0x1699</value>
         <object_component_ref idref="oc-49"/>
      </symbol>
      <symbol id="sm-32d">
         <name>memcpy</name>
         <value>0xe13</value>
         <object_component_ref idref="oc-50"/>
      </symbol>
      <symbol id="sm-32e">
         <name>__aeabi_memcpy</name>
         <value>0xe13</value>
         <object_component_ref idref="oc-50"/>
      </symbol>
      <symbol id="sm-32f">
         <name>__aeabi_memcpy8</name>
         <value>0xe13</value>
         <object_component_ref idref="oc-50"/>
      </symbol>
      <symbol id="sm-330">
         <name>__aeabi_memcpy4</name>
         <value>0xe13</value>
         <object_component_ref idref="oc-50"/>
      </symbol>
      <symbol id="sm-33c">
         <name>main_func_sp</name>
         <value>0x2000022c</value>
         <object_component_ref idref="oc-4d"/>
      </symbol>
      <symbol id="sm-34a">
         <name>__aeabi_uidivmod</name>
         <value>0x1649</value>
         <object_component_ref idref="oc-1a1"/>
      </symbol>
      <symbol id="sm-35f">
         <name>_nop</name>
         <value>0x1877</value>
         <object_component_ref idref="oc-181"/>
      </symbol>
      <symbol id="sm-360">
         <name>_lock</name>
         <value>0x20000214</value>
         <object_component_ref idref="oc-cb"/>
      </symbol>
      <symbol id="sm-361">
         <name>_unlock</name>
         <value>0x20000218</value>
         <object_component_ref idref="oc-cb"/>
      </symbol>
      <symbol id="sm-362">
         <name>_register_lock</name>
         <value>0x186f</value>
         <object_component_ref idref="oc-181"/>
      </symbol>
      <symbol id="sm-363">
         <name>_register_unlock</name>
         <value>0x1869</value>
         <object_component_ref idref="oc-181"/>
      </symbol>
      <symbol id="sm-372">
         <name>_args_main</name>
         <value>0x1839</value>
         <object_component_ref idref="oc-45"/>
      </symbol>
      <symbol id="sm-38c">
         <name>__TI_auto_init</name>
         <value>0xf49</value>
         <object_component_ref idref="oc-41"/>
      </symbol>
      <symbol id="sm-3a3">
         <name>copy_in</name>
         <value>0x1605</value>
         <object_component_ref idref="oc-c0"/>
      </symbol>
      <symbol id="sm-3b9">
         <name>UARTClockSourceSet</name>
         <value>0x18c3</value>
         <object_component_ref idref="oc-f1"/>
      </symbol>
      <symbol id="sm-3da">
         <name>g_sFontCm12</name>
         <value>0x1e30</value>
         <object_component_ref idref="oc-a0"/>
      </symbol>
      <symbol id="sm-4f7">
         <name>GrFontInfoGet</name>
         <value>0x17b7</value>
         <object_component_ref idref="oc-148"/>
      </symbol>
      <symbol id="sm-4f8">
         <name>GrDefaultStringRenderer</name>
         <value>0xd49</value>
         <object_component_ref idref="oc-11a"/>
      </symbol>
      <symbol id="sm-4f9">
         <name>GrFontGlyphRender</name>
         <value>0x4f1</value>
         <object_component_ref idref="oc-1ac"/>
      </symbol>
      <symbol id="sm-4fa">
         <name>GrContextFontSet</name>
         <value>0x18b7</value>
         <object_component_ref idref="oc-80"/>
      </symbol>
      <symbol id="sm-4fb">
         <name>GrFontGlyphDataGet</name>
         <value>0x17dd</value>
         <object_component_ref idref="oc-143"/>
      </symbol>
      <symbol id="sm-4fc">
         <name>GrStringDraw</name>
         <value>0x187d</value>
         <object_component_ref idref="oc-99"/>
      </symbol>
      <symbol id="sm-4fd">
         <name>GrFontCodepageGet</name>
         <value>0x17ff</value>
         <object_component_ref idref="oc-1c2"/>
      </symbol>
      <symbol id="sm-4fe">
         <name>GrStringNextCharGet</name>
         <value>0x178d</value>
         <object_component_ref idref="oc-13e"/>
      </symbol>
      <symbol id="sm-4ff">
         <name>GrStringWidthGet</name>
         <value>0x1161</value>
         <object_component_ref idref="oc-8f"/>
      </symbol>
      <symbol id="sm-500">
         <name>GrFontBaselineGet</name>
         <value>0x1763</value>
         <object_component_ref idref="oc-94"/>
      </symbol>
      <symbol id="sm-51a">
         <name>GrRectFill</name>
         <value>0x106f</value>
         <object_component_ref idref="oc-8a"/>
      </symbol>
      <symbol id="sm-51b">
         <name>GrRectDraw</name>
         <value>0x11cb</value>
         <object_component_ref idref="oc-85"/>
      </symbol>
      <symbol id="sm-532">
         <name>GrLineDrawH</name>
         <value>0x1579</value>
         <object_component_ref idref="oc-12c"/>
      </symbol>
      <symbol id="sm-533">
         <name>GrLineDrawV</name>
         <value>0x15bf</value>
         <object_component_ref idref="oc-131"/>
      </symbol>
      <symbol id="sm-54f">
         <name>GrContextInit</name>
         <value>0x1231</value>
         <object_component_ref idref="oc-7b"/>
      </symbol>
      <symbol id="sm-550">
         <name>g_psDefaultCodePointMapTable</name>
         <value>0x1f50</value>
         <object_component_ref idref="oc-11f"/>
      </symbol>
      <symbol id="sm-55c">
         <name>GrMapISO8859_1_Unicode</name>
         <value>0x18af</value>
         <object_component_ref idref="oc-1b7"/>
      </symbol>
      <symbol id="sm-55d">
         <name>__TI_static_base__</name>
         <value>0x0</value>
      </symbol>
      <symbol id="sm-55e">
         <name>__TI_args_main</name>
         <value>0x1</value>
      </symbol>
      <symbol id="sm-55f">
         <name>SHT$$INIT_ARRAY$$Limit</name>
         <value>0x0</value>
      </symbol>
      <symbol id="sm-560">
         <name>SHT$$INIT_ARRAY$$Base</name>
         <value>0x0</value>
      </symbol>
   </symbol_table>
</link_info>
