******************************************************************************
                  TI ARM Linker PC v5.0.4                      
******************************************************************************
>> Linked Tue Apr 16 23:46:42 2019

OUTPUT FILE NAME:   <ARM_HW4.out>
ENTRY POINT SYMBOL: 0


MEMORY CONFIGURATION

         name            origin    length      used     unused   attr    fill
----------------------  --------  ---------  --------  --------  ----  --------
  FLASH                 00000000   00040000  0000054a  0003fab6  R  X
  SRAM                  20000000   00008000  00000000  00008000  RW X


SEGMENT ALLOCATION MAP

run origin  load origin   length   init length attrs members
----------  ----------- ---------- ----------- ----- -------
00000000    00000000    0000054a   0000054a    r-x
  00000000    00000000    0000054a   0000054a    r-x .intvecs


SECTION ALLOCATION MAP

 output                                  attributes/
section   page    origin      length       input sections
--------  ----  ----------  ----------   ----------------
.intvecs   0    00000000    0000054a     
                  00000000    0000054a     2014314666_HW4.obj (.intvecs)

.text      0    00000000    00000000     

.cinit     0    00000000    00000000     UNINITIALIZED

.init_array 
*          0    00000000    00000000     UNINITIALIZED


GLOBAL SYMBOLS: SORTED ALPHABETICALLY BY Name 

address    name
--------   ----
00000000   __TI_static_base__
ffffffff   __binit__
ffffffff   __c_args__
00000000   __stack
ffffffff   binit


GLOBAL SYMBOLS: SORTED BY Symbol Address 

address    name
--------   ----
00000000   __TI_static_base__
00000000   __stack
ffffffff   __binit__
ffffffff   __c_args__
ffffffff   binit

[5 symbols]
